Error log:
